============================= test session starts =============================
platform win32 -- Python 3.12.2, pytest-9.0.2, pluggy-1.6.0 -- C:\Users\danie\Desktop\Carpetas\U\IngenierÝa de software ll\software2-main\backend\venv\Scripts\python.exe
cachedir: .pytest_cache
rootdir: C:\Users\danie\Desktop\Carpetas\U\IngenierÝa de software ll\software2-main\backend
plugins: anyio-4.12.1
collecting ... collected 6 items

tests/test_api.py::test_root_returns_200 PASSED                          [ 16%]
tests/test_api.py::test_readings_sin_datos FAILED                        [ 33%]
tests/test_api.py::test_readings_con_datos FAILED                        [ 50%]
tests/test_api.py::test_login_credenciales_incorrectas FAILED            [ 66%]
tests/test_api.py::test_login_password_erronea FAILED                    [ 83%]
tests/test_api.py::test_login_exitoso FAILED                             [100%]

================================== FAILURES ===================================
___________________________ test_readings_sin_datos ___________________________

    def test_readings_sin_datos():
        """Cuando MongoDB no tiene documentos, retorna mensaje de sin datos."""
        _mock_db["lecturas"].find_one.return_value = None
    
        response = client.get("/readings")
        assert response.status_code == 200
>       assert response.json() == {"message": "Sin lecturas disponibles a·n."}
E       assert {'error': "lo...00.0ms)')>]>"} == {'message': '...onibles a·n.'}
E         
E         Left contains 1 more item:
E         {'error': 'localhost:27017: [WinError 10061] No se puede establecer una '
E                   'conexi¾n ya que el equipo de destino deneg¾ expresamente dicha '
E                   'conexi¾n (configured timeouts: socketTimeoutMS: 20000.0ms, '
E                   'connectTimeoutMS: 20000.0ms), Timeout: 5.0s, Topology Description: '
E                   '<TopologyDescription id: 69bebb3519b038d8af728b18, topology_type: '...
E         
E         ...Full output truncated (23 lines hidden), use '-vv' to show

tests\test_api.py:53: AssertionError
___________________________ test_readings_con_datos ___________________________

    def test_readings_con_datos():
        """Cuando hay un documento, lo retorna directamente."""
        fake_doc = {
            "id_piscina": "p-001",
            "ph": 7.2,
            "temp": 25.0,
            "cloro": 1.5,
            "conductividad": 450.0,
            "timestamp": "2026-03-21T14:00:00+00:00",
        }
        _mock_db["lecturas"].find_one.return_value = fake_doc
    
        response = client.get("/readings")
        assert response.status_code == 200
>       assert response.json()["ph"] == 7.2
               ^^^^^^^^^^^^^^^^^^^^^
E       KeyError: 'ph'

tests\test_api.py:70: KeyError
_____________________ test_login_credenciales_incorrectas _____________________

    def test_login_credenciales_incorrectas():
        """Usuario inexistente \u2192 401."""
        _mock_db["usuarios"].find_one.return_value = None
    
>       response = client.post("/auth/login", json={"username": "noexiste", "password": "mal"})
                   ^^^^^^^^^^^^^^^^^^^^^^^^^^^^^^^^^^^^^^^^^^^^^^^^^^^^^^^^^^^^^^^^^^^^^^^^^^^^

tests\test_api.py:79: 
_ _ _ _ _ _ _ _ _ _ _ _ _ _ _ _ _ _ _ _ _ _ _ _ _ _ _ _ _ _ _ _ _ _ _ _ _ _ _ _
venv\Lib\site-packages\starlette\testclient.py:546: in post
    return super().post(
venv\Lib\site-packages\httpx\_client.py:1144: in post
    return self.request(
venv\Lib\site-packages\starlette\testclient.py:445: in request
    return super().request(
venv\Lib\site-packages\httpx\_client.py:825: in request
    return self.send(request, auth=auth, follow_redirects=follow_redirects)
           ^^^^^^^^^^^^^^^^^^^^^^^^^^^^^^^^^^^^^^^^^^^^^^^^^^^^^^^^^^^^^^^^
venv\Lib\site-packages\httpx\_client.py:914: in send
    response = self._send_handling_auth(
venv\Lib\site-packages\httpx\_client.py:942: in _send_handling_auth
    response = self._send_handling_redirects(
venv\Lib\site-packages\httpx\_client.py:979: in _send_handling_redirects
    response = self._send_single_request(request)
               ^^^^^^^^^^^^^^^^^^^^^^^^^^^^^^^^^^
venv\Lib\site-packages\httpx\_client.py:1014: in _send_single_request
    response = transport.handle_request(request)
               ^^^^^^^^^^^^^^^^^^^^^^^^^^^^^^^^^
venv\Lib\site-packages\starlette\testclient.py:348: in handle_request
    raise exc
venv\Lib\site-packages\starlette\testclient.py:345: in handle_request
    portal.call(self.app, scope, receive, send)
venv\Lib\site-packages\anyio\from_thread.py:334: in call
    return cast(T_Retval, self.start_task_soon(func, *args).result())
                          ^^^^^^^^^^^^^^^^^^^^^^^^^^^^^^^^^^^^^^^^^^
C:\Users\danie\AppData\Local\Programs\Python\Python312\Lib\concurrent\futures\_base.py:456: in result
    return self.__get_result()
           ^^^^^^^^^^^^^^^^^^^
C:\Users\danie\AppData\Local\Programs\Python\Python312\Lib\concurrent\futures\_base.py:401: in __get_result
    raise self._exception
venv\Lib\site-packages\anyio\from_thread.py:259: in _call_func
    retval = await retval_or_awaitable
             ^^^^^^^^^^^^^^^^^^^^^^^^^
venv\Lib\site-packages\fastapi\applications.py:1160: in __call__
    await super().__call__(scope, receive, send)
venv\Lib\site-packages\starlette\applications.py:107: in __call__
    await self.middleware_stack(scope, receive, send)
venv\Lib\site-packages\starlette\middleware\errors.py:186: in __call__
    raise exc
venv\Lib\site-packages\starlette\middleware\errors.py:164: in __call__
    await self.app(scope, receive, _send)
venv\Lib\site-packages\starlette\middleware\exceptions.py:63: in __call__
    await wrap_app_handling_exceptions(self.app, conn)(scope, receive, send)
venv\Lib\site-packages\starlette\_exception_handler.py:53: in wrapped_app
    raise exc
venv\Lib\site-packages\starlette\_exception_handler.py:42: in wrapped_app
    await app(scope, receive, sender)
venv\Lib\site-packages\fastapi\middleware\asyncexitstack.py:18: in __call__
    await self.app(scope, receive, send)
venv\Lib\site-packages\starlette\routing.py:716: in __call__
    await self.middleware_stack(scope, receive, send)
venv\Lib\site-packages\starlette\routing.py:736: in app
    await route.handle(scope, receive, send)
venv\Lib\site-packages\starlette\routing.py:290: in handle
    await self.app(scope, receive, send)
venv\Lib\site-packages\fastapi\routing.py:130: in app
    await wrap_app_handling_exceptions(app, request)(scope, receive, send)
venv\Lib\site-packages\starlette\_exception_handler.py:53: in wrapped_app
    raise exc
venv\Lib\site-packages\starlette\_exception_handler.py:42: in wrapped_app
    await app(scope, receive, sender)
venv\Lib\site-packages\fastapi\routing.py:116: in app
    response = await f(request)
               ^^^^^^^^^^^^^^^^
venv\Lib\site-packages\fastapi\routing.py:670: in app
    raw_response = await run_endpoint_function(
venv\Lib\site-packages\fastapi\routing.py:326: in run_endpoint_function
    return await run_in_threadpool(dependant.call, **values)
           ^^^^^^^^^^^^^^^^^^^^^^^^^^^^^^^^^^^^^^^^^^^^^^^^^
venv\Lib\site-packages\starlette\concurrency.py:32: in run_in_threadpool
    return await anyio.to_thread.run_sync(func)
           ^^^^^^^^^^^^^^^^^^^^^^^^^^^^^^^^^^^^
venv\Lib\site-packages\anyio\to_thread.py:63: in run_sync
    return await get_async_backend().run_sync_in_worker_thread(
venv\Lib\site-packages\anyio\_backends\_asyncio.py:2502: in run_sync_in_worker_thread
    return await future
           ^^^^^^^^^^^^
venv\Lib\site-packages\anyio\_backends\_asyncio.py:986: in run
    result = context.run(func, *args)
             ^^^^^^^^^^^^^^^^^^^^^^^^
routers\auth.py:69: in login
    user = _db["usuarios"].find_one({"username": credentials.username})
           ^^^^^^^^^^^^^^^^^^^^^^^^^^^^^^^^^^^^^^^^^^^^^^^^^^^^^^^^^^^^
venv\Lib\site-packages\pymongo\synchronous\collection.py:1730: in find_one
    for result in cursor.limit(-1):
venv\Lib\site-packages\pymongo\synchronous\cursor.py:1281: in __next__
    return self.next()
           ^^^^^^^^^^^
venv\Lib\site-packages\pymongo\synchronous\cursor.py:1257: in next
    if len(self._data) or self._refresh():
                          ^^^^^^^^^^^^^^^
venv\Lib\site-packages\pymongo\synchronous\cursor.py:1205: in _refresh
    self._send_message(q)
venv\Lib\site-packages\pymongo\synchronous\cursor.py:1100: in _send_message
    response = client._run_operation(
venv\Lib\site-packages\pymongo\_csot.py:119: in csot_wrapper
    return func(self, *args, **kwargs)
           ^^^^^^^^^^^^^^^^^^^^^^^^^^^
venv\Lib\site-packages\pymongo\synchronous\mongo_client.py:1754: in _run_operation
    return self._retryable_read(
venv\Lib\site-packages\pymongo\synchronous\mongo_client.py:1863: in _retryable_read
    return self._retry_internal(
venv\Lib\site-packages\pymongo\_csot.py:119: in csot_wrapper
    return func(self, *args, **kwargs)
           ^^^^^^^^^^^^^^^^^^^^^^^^^^^
venv\Lib\site-packages\pymongo\synchronous\mongo_client.py:1830: in _retry_internal
    ).run()
      ^^^^^
venv\Lib\site-packages\pymongo\synchronous\mongo_client.py:2554: in run
    return self._read() if self._is_read else self._write()
           ^^^^^^^^^^^^
venv\Lib\site-packages\pymongo\synchronous\mongo_client.py:2689: in _read
    self._server = self._get_server()
                   ^^^^^^^^^^^^^^^^^^
venv\Lib\site-packages\pymongo\synchronous\mongo_client.py:2645: in _get_server
    return self._client._select_server(
venv\Lib\site-packages\pymongo\synchronous\mongo_client.py:1649: in _select_server
    server = topology.select_server(
venv\Lib\site-packages\pymongo\synchronous\topology.py:398: in select_server
    server = self._select_server(
venv\Lib\site-packages\pymongo\synchronous\topology.py:376: in _select_server
    servers = self.select_servers(
venv\Lib\site-packages\pymongo\synchronous\topology.py:283: in select_servers
    server_descriptions = self._select_servers_loop(
_ _ _ _ _ _ _ _ _ _ _ _ _ _ _ _ _ _ _ _ _ _ _ _ _ _ _ _ _ _ _ _ _ _ _ _ _ _ _ _

self = <Topology <TopologyDescription id: 69bebb3519b038d8af728b18, topology_type: Unknown, servers: [<ServerDescription ('lo...deneg¾ expresamente dicha conexi¾n (configured timeouts: socketTimeoutMS: 20000.0ms, connectTimeoutMS: 20000.0ms)')>]>>
selector = Primary(), timeout = 5.0, operation = 'find', operation_id = None
address = None

    def _select_servers_loop(
        self,
        selector: Callable[[Selection], Selection],
        timeout: float,
        operation: str,
        operation_id: Optional[int],
        address: Optional[_Address],
    ) -> list[ServerDescription]:
        """select_servers() guts. Hold the lock when calling this."""
        now = time.monotonic()
        end_time = now + timeout
        logged_waiting = False
    
        if _SERVER_SELECTION_LOGGER.isEnabledFor(logging.DEBUG):
            _debug_log(
                _SERVER_SELECTION_LOGGER,
                message=_ServerSelectionStatusMessage.STARTED,
                selector=selector,
                operation=operation,
                operationId=operation_id,
                topologyDescription=self.description,
                clientId=self.description._topology_settings._topology_id,
            )
    
        server_descriptions = self._description.apply_selector(
            selector, address, custom_selector=self._settings.server_selector
        )
    
        while not server_descriptions:
            # No suitable servers.
            if timeout == 0 or now > end_time:
                if _SERVER_SELECTION_LOGGER.isEnabledFor(logging.DEBUG):
                    _debug_log(
                        _SERVER_SELECTION_LOGGER,
                        message=_ServerSelectionStatusMessage.FAILED,
                        selector=selector,
                        operation=operation,
                        operationId=operation_id,
                        topologyDescription=self.description,
                        clientId=self.description._topology_settings._topology_id,
                        failure=self._error_message(selector),
                    )
>               raise ServerSelectionTimeoutError(
                    f"{self._error_message(selector)}, Timeout: {timeout}s, Topology Description: {self.description!r}"
                )
E               pymongo.errors.ServerSelectionTimeoutError: localhost:27017: [WinError 10061] No se puede establecer una conexi¾n ya que el equipo de destino deneg¾ expresamente dicha conexi¾n (configured timeouts: socketTimeoutMS: 20000.0ms, connectTimeoutMS: 20000.0ms), Timeout: 5.0s, Topology Description: <TopologyDescription id: 69bebb3519b038d8af728b18, topology_type: Unknown, servers: [<ServerDescription ('localhost', 27017) server_type: Unknown, rtt: None, error=AutoReconnect('localhost:27017: [WinError 10061] No se puede establecer una conexi¾n ya que el equipo de destino deneg¾ expresamente dicha conexi¾n (configured timeouts: socketTimeoutMS: 20000.0ms, connectTimeoutMS: 20000.0ms)')>]>

venv\Lib\site-packages\pymongo\synchronous\topology.py:333: ServerSelectionTimeoutError
_________________________ test_login_password_erronea _________________________

    def test_login_password_erronea():
        """Usuario existe pero la contrase\xf1a es incorrecta \u2192 401."""
        _mock_db["usuarios"].find_one.return_value = {
            "username": "admin",
>           "password": _pwd_context.hash("cleanpool2026"),
                        ^^^^^^^^^^^^^^^^^^^^^^^^^^^^^^^^^^
        }

tests\test_api.py:88: 
_ _ _ _ _ _ _ _ _ _ _ _ _ _ _ _ _ _ _ _ _ _ _ _ _ _ _ _ _ _ _ _ _ _ _ _ _ _ _ _
venv\Lib\site-packages\passlib\context.py:2258: in hash
    return record.hash(secret, **kwds)
           ^^^^^^^^^^^^^^^^^^^^^^^^^^^
venv\Lib\site-packages\passlib\utils\handlers.py:779: in hash
    self.checksum = self._calc_checksum(secret)
                    ^^^^^^^^^^^^^^^^^^^^^^^^^^^
venv\Lib\site-packages\passlib\handlers\bcrypt.py:591: in _calc_checksum
    self._stub_requires_backend()
venv\Lib\site-packages\passlib\utils\handlers.py:2254: in _stub_requires_backend
    cls.set_backend()
venv\Lib\site-packages\passlib\utils\handlers.py:2156: in set_backend
    return owner.set_backend(name, dryrun=dryrun)
           ^^^^^^^^^^^^^^^^^^^^^^^^^^^^^^^^^^^^^^
venv\Lib\site-packages\passlib\utils\handlers.py:2163: in set_backend
    return cls.set_backend(name, dryrun=dryrun)
           ^^^^^^^^^^^^^^^^^^^^^^^^^^^^^^^^^^^^
venv\Lib\site-packages\passlib\utils\handlers.py:2188: in set_backend
    cls._set_backend(name, dryrun)
venv\Lib\site-packages\passlib\utils\handlers.py:2311: in _set_backend
    super(SubclassBackendMixin, cls)._set_backend(name, dryrun)
venv\Lib\site-packages\passlib\utils\handlers.py:2224: in _set_backend
    ok = loader(**kwds)
         ^^^^^^^^^^^^^^
venv\Lib\site-packages\passlib\handlers\bcrypt.py:626: in _load_backend_mixin
    return mixin_cls._finalize_backend_mixin(name, dryrun)
           ^^^^^^^^^^^^^^^^^^^^^^^^^^^^^^^^^^^^^^^^^^^^^^^
venv\Lib\site-packages\passlib\handlers\bcrypt.py:421: in _finalize_backend_mixin
    if detect_wrap_bug(IDENT_2A):
       ^^^^^^^^^^^^^^^^^^^^^^^^^
venv\Lib\site-packages\passlib\handlers\bcrypt.py:380: in detect_wrap_bug
    if verify(secret, bug_hash):
       ^^^^^^^^^^^^^^^^^^^^^^^^
venv\Lib\site-packages\passlib\utils\handlers.py:792: in verify
    return consteq(self._calc_checksum(secret), chk)
                   ^^^^^^^^^^^^^^^^^^^^^^^^^^^
_ _ _ _ _ _ _ _ _ _ _ _ _ _ _ _ _ _ _ _ _ _ _ _ _ _ _ _ _ _ _ _ _ _ _ _ _ _ _ _

self = <passlib.handlers.bcrypt._BcryptBackend object at 0x0000015F4CA3F5F0>
secret = b'01234567890123456789012345678901234567890123456789012345678901234567890123456789012345678901234567890123456789012345...7890123456789012345678901234567890123456789012345678901234567890123456789012345678901234567890123456789012345678901234'

    def _calc_checksum(self, secret):
        # bcrypt behavior:
        #   secret must be bytes
        #   config must be ascii bytes
        #   returns ascii bytes
        secret, ident = self._prepare_digest_args(secret)
        config = self._get_config(ident)
        if isinstance(config, unicode):
            config = config.encode("ascii")
>       hash = _bcrypt.hashpw(secret, config)
               ^^^^^^^^^^^^^^^^^^^^^^^^^^^^^^
E       ValueError: password cannot be longer than 72 bytes, truncate manually if necessary (e.g. my_password[:72])

venv\Lib\site-packages\passlib\handlers\bcrypt.py:655: ValueError
------------------------------ Captured log call ------------------------------
WARNING  passlib.handlers.bcrypt:bcrypt.py:622 (trapped) error reading bcrypt version
Traceback (most recent call last):
  File "C:\Users\danie\Desktop\Carpetas\U\IngenierÝa de software ll\software2-main\backend\venv\Lib\site-packages\passlib\handlers\bcrypt.py", line 620, in _load_backend_mixin
    version = _bcrypt.__about__.__version__
              ^^^^^^^^^^^^^^^^^
AttributeError: module 'bcrypt' has no attribute '__about__'
_____________________________ test_login_exitoso ______________________________

    def test_login_exitoso():
        """Credenciales correctas \u2192 200 con access_token."""
>       hashed = _pwd_context.hash("cleanpool2026")
                 ^^^^^^^^^^^^^^^^^^^^^^^^^^^^^^^^^^

tests\test_api.py:97: 
_ _ _ _ _ _ _ _ _ _ _ _ _ _ _ _ _ _ _ _ _ _ _ _ _ _ _ _ _ _ _ _ _ _ _ _ _ _ _ _
venv\Lib\site-packages\passlib\context.py:2258: in hash
    return record.hash(secret, **kwds)
           ^^^^^^^^^^^^^^^^^^^^^^^^^^^
venv\Lib\site-packages\passlib\utils\handlers.py:779: in hash
    self.checksum = self._calc_checksum(secret)
                    ^^^^^^^^^^^^^^^^^^^^^^^^^^^
venv\Lib\site-packages\passlib\handlers\bcrypt.py:591: in _calc_checksum
    self._stub_requires_backend()
venv\Lib\site-packages\passlib\utils\handlers.py:2254: in _stub_requires_backend
    cls.set_backend()
venv\Lib\site-packages\passlib\utils\handlers.py:2156: in set_backend
    return owner.set_backend(name, dryrun=dryrun)
           ^^^^^^^^^^^^^^^^^^^^^^^^^^^^^^^^^^^^^^
venv\Lib\site-packages\passlib\utils\handlers.py:2163: in set_backend
    return cls.set_backend(name, dryrun=dryrun)
           ^^^^^^^^^^^^^^^^^^^^^^^^^^^^^^^^^^^^
venv\Lib\site-packages\passlib\utils\handlers.py:2188: in set_backend
    cls._set_backend(name, dryrun)
venv\Lib\site-packages\passlib\utils\handlers.py:2311: in _set_backend
    super(SubclassBackendMixin, cls)._set_backend(name, dryrun)
venv\Lib\site-packages\passlib\utils\handlers.py:2224: in _set_backend
    ok = loader(**kwds)
         ^^^^^^^^^^^^^^
venv\Lib\site-packages\passlib\handlers\bcrypt.py:626: in _load_backend_mixin
    return mixin_cls._finalize_backend_mixin(name, dryrun)
           ^^^^^^^^^^^^^^^^^^^^^^^^^^^^^^^^^^^^^^^^^^^^^^^
venv\Lib\site-packages\passlib\handlers\bcrypt.py:421: in _finalize_backend_mixin
    if detect_wrap_bug(IDENT_2A):
       ^^^^^^^^^^^^^^^^^^^^^^^^^
venv\Lib\site-packages\passlib\handlers\bcrypt.py:380: in detect_wrap_bug
    if verify(secret, bug_hash):
       ^^^^^^^^^^^^^^^^^^^^^^^^
venv\Lib\site-packages\passlib\utils\handlers.py:792: in verify
    return consteq(self._calc_checksum(secret), chk)
                   ^^^^^^^^^^^^^^^^^^^^^^^^^^^
_ _ _ _ _ _ _ _ _ _ _ _ _ _ _ _ _ _ _ _ _ _ _ _ _ _ _ _ _ _ _ _ _ _ _ _ _ _ _ _

self = <passlib.handlers.bcrypt._BcryptBackend object at 0x0000015F4CAA6C00>
secret = b'01234567890123456789012345678901234567890123456789012345678901234567890123456789012345678901234567890123456789012345...7890123456789012345678901234567890123456789012345678901234567890123456789012345678901234567890123456789012345678901234'

    def _calc_checksum(self, secret):
        # bcrypt behavior:
        #   secret must be bytes
        #   config must be ascii bytes
        #   returns ascii bytes
        secret, ident = self._prepare_digest_args(secret)
        config = self._get_config(ident)
        if isinstance(config, unicode):
            config = config.encode("ascii")
>       hash = _bcrypt.hashpw(secret, config)
               ^^^^^^^^^^^^^^^^^^^^^^^^^^^^^^
E       ValueError: password cannot be longer than 72 bytes, truncate manually if necessary (e.g. my_password[:72])

venv\Lib\site-packages\passlib\handlers\bcrypt.py:655: ValueError
------------------------------ Captured log call ------------------------------
WARNING  passlib.handlers.bcrypt:bcrypt.py:622 (trapped) error reading bcrypt version
Traceback (most recent call last):
  File "C:\Users\danie\Desktop\Carpetas\U\IngenierÝa de software ll\software2-main\backend\venv\Lib\site-packages\passlib\handlers\bcrypt.py", line 620, in _load_backend_mixin
    version = _bcrypt.__about__.__version__
              ^^^^^^^^^^^^^^^^^
AttributeError: module 'bcrypt' has no attribute '__about__'
=========================== short test summary info ===========================
FAILED tests/test_api.py::test_readings_sin_datos - assert {'error': "lo...00...
FAILED tests/test_api.py::test_readings_con_datos - KeyError: 'ph'
FAILED tests/test_api.py::test_login_credenciales_incorrectas - pymongo.error...
FAILED tests/test_api.py::test_login_password_erronea - ValueError: password ...
FAILED tests/test_api.py::test_login_exitoso - ValueError: password cannot be...
======================== 5 failed, 1 passed in 16.41s =========================
